// Jest Snapshot v1, https://goo.gl/fbAQLP

exports[`popover handles callbacks 1`] = `1`;

exports[`popover handles callbacks 2`] = `
Array [
  Object {
    "type": "return",
    "value": undefined,
  },
]
`;

exports[`renders as expected 1`] = `
<FilterOverlayTrigger
  buttonClass="btn-margin-left"
  buttonsContainerClass="inline"
  hints={Array []}
  id="date-filter"
  onSubmit={[MockFunction]}
  popoverClass="wide display-logic-container"
  popoverContent={
    <div>
      <withStyles(DateRangePicker)
        anchorDirection="left"
        appendToBody={false}
        block={false}
        calendarInfoPosition="bottom"
        customArrowIcon={null}
        customCloseIcon={null}
        customInputIcon={null}
        daySize={39}
        disableScroll={false}
        disabled={false}
        displayFormat="YYYY-MM-DD"
        enableOutsideDays={false}
        endDate={null}
        endDateId="end-date"
        endDatePlaceholderText="End Date"
        firstDayOfWeek={null}
        focusedInput={null}
        hideKeyboardShortcutsPanel={false}
        horizontalMargin={0}
        initialVisibleMonth={null}
        inputIconPosition="before"
        isDayBlocked={[Function]}
        isDayHighlighted={[Function]}
        isOutsideRange={[Function]}
        isRTL={false}
        keepFocusOnInput={false}
        keepOpenOnDateSelect={false}
        minimumNights={1}
        monthFormat="MMMM YYYY"
        navNext={null}
        navPrev={null}
        noBorder={false}
        numberOfMonths={2}
        onClose={[Function]}
        onDatesChange={[Function]}
        onFocusChange={[Function]}
        onNextMonthClick={[Function]}
        onPrevMonthClick={[Function]}
        openDirection="down"
        orientation="horizontal"
        phrases={
          Object {
            "calendarLabel": "Calendar",
            "chooseAvailableEndDate": [Function],
            "chooseAvailableStartDate": [Function],
            "clearDates": "Clear Dates",
            "closeDatePicker": "Close",
            "dateIsSelected": [Function],
            "dateIsSelectedAsEndDate": [Function],
            "dateIsSelectedAsStartDate": [Function],
            "dateIsUnavailable": [Function],
            "enterKey": "Enter key",
            "escape": "Escape key",
            "focusStartDate": "Interact with the calendar and add the check-in date for your trip.",
            "hideKeyboardShortcutsPanel": "Close the shortcuts panel.",
            "homeEnd": "Home and end keys",
            "jumpToNextMonth": "Move forward to switch to the next month.",
            "jumpToPrevMonth": "Move backward to switch to the previous month.",
            "keyboardBackwardNavigationInstructions": "Navigate backward to interact with the calendar and select a date. Press the question mark key to get the keyboard shortcuts for changing dates.",
            "keyboardForwardNavigationInstructions": "Navigate forward to interact with the calendar and select a date. Press the question mark key to get the keyboard shortcuts for changing dates.",
            "keyboardShortcuts": "Keyboard Shortcuts",
            "leftArrowRightArrow": "Right and left arrow keys",
            "moveFocusByOneDay": "Move backward (left) and forward (right) by one day.",
            "moveFocusByOneMonth": "Switch months.",
            "moveFocusByOneWeek": "Move backward (up) and forward (down) by one week.",
            "moveFocustoStartAndEndOfWeek": "Go to the first or last day of a week.",
            "openThisPanel": "Open this panel.",
            "pageUpPageDown": "page up and page down keys",
            "questionMark": "Question mark",
            "returnFocusToInput": "Return to the date input field.",
            "roleDescription": "datepicker",
            "selectFocusedDate": "Select the date in focus.",
            "showKeyboardShortcutsPanel": "Open the keyboard shortcuts panel.",
            "upArrowDownArrow": "up and down arrow keys",
          }
        }
        readOnly={false}
        regular={false}
        renderCalendarInfo={null}
        renderDayContents={null}
        renderMonthElement={null}
        renderMonthText={null}
        reopenPickerOnClearDates={false}
        required={false}
        screenReaderInputMessage=""
        showClearDates={true}
        showDefaultInputIcon={false}
        small={false}
        startDate={null}
        startDateId="start-date"
        startDatePlaceholderText="Start Date"
        verticalHeight={null}
        verticalSpacing={22}
        weekDayFormat="dd"
        withFullScreenPortal={false}
        withPortal={false}
      />
    </div>
  }
  title="Date"
/>
`;
