// Jest Snapshot v1, https://goo.gl/fbAQLP

exports[`popover handles callbacks 1`] = `
[MockFunction] {
  "calls": Array [
    Array [],
  ],
  "results": Array [
    Object {
      "type": "return",
      "value": undefined,
    },
  ],
}
`;

exports[`renders as expected 1`] = `
<OverlayTrigger
  containerPadding={25}
  id="submitter-filter"
  overlay={
    <Popover
      className="filters-popover popover-multi-select2"
      id="submitter-filter"
    >
      <Select2
        data={
          Array [
            Object {
              "id": "A",
              "text": "User A",
            },
            Object {
              "id": "B",
              "text": "User B",
            },
          ]
        }
        id="submitter"
        onSelect={[Function]}
        onUnselect={[Function]}
        options={
          Object {
            "allowClear": true,
            "dropdownCssClass": "filters-select2-dropdown",
            "placeholder": "Choose a user",
            "width": "100%",
          }
        }
        value={
          Array [
            "B",
          ]
        }
      />
      <Select2
        data={
          Array [
            Object {
              "id": "A",
              "text": "Group A",
            },
            Object {
              "id": "B",
              "text": "Group B",
            },
          ]
        }
        id="group"
        onSelect={[Function]}
        onUnselect={[Function]}
        options={
          Object {
            "allowClear": true,
            "dropdownCssClass": "filters-select2-dropdown",
            "placeholder": "Choose a group",
            "width": "100%",
          }
        }
        value={
          Array [
            "B",
          ]
        }
      />
      <div
        className="btn-apply-container"
      >
        <Button
          className="btn-apply"
          onClick={[MockFunction]}
        >
          Apply
        </Button>
      </div>
    </Popover>
  }
  placement="bottom"
  rootClose={true}
  trigger="click"
>
  <Button
    className="btn-secondary btn-margin-left"
    id="submitter-filter"
  >
    Submitter (2)
  </Button>
</OverlayTrigger>
`;
